// Jest Snapshot v1, https://goo.gl/fbAQLP

exports[`AddEnvironment.vue matches snapshot 1`] = `
<div>
  <div
    class="spinner spinner-gritcode spinner-sm"
    style="display: none;"
  >
    <div
      class="spinner-wrapper"
    >
      <div
        class="spinner-circle"
      />
       
      <div
        class="spinner-text"
      >
        
      </div>
    </div>
  </div>
   
  <div
    class="alert alert-success top-right"
    name="fade"
    role="alert"
    style="width: 400px; display: none;"
  >
    <button
      class="close"
      type="button"
    >
      <span>
        Ã—
      </span>
    </button>
     
    <span
      class="icon-ok-circled alert-icon-float-left"
    />
     
    <p>
      Environment added.
    </p>
  </div>
   
  <div
    class="panel-body"
  >
    <div>
      <div
        class="form-group"
      >
         
        <input
          class="form-control"
          maxlength="50"
          name="envName"
          placeholder="Env name..."
          type="text"
        />
      </div>
       
      <div
        class="form-group"
      >
        <div>
          
                    Default toggle value:
                
        </div>
         
        <div>
          <label
            for="d1"
          >
            True
          </label>
           
          <input
            checked="checked"
            id="d1"
            name="defToggleValue"
            type="radio"
            value="true"
          />
           
          <label
            for="d2"
          >
            False
          </label>
           
          <input
            id="d2"
            name="defToggleValue"
            type="radio"
            value="false"
          />
        </div>
      </div>
       
      <button
        class="btn btn-default btn-primary"
        disabled="disabled"
        type="button"
      >
        Add
      </button>
    </div>
  </div>
</div>
`;
